2026-08-01T22:30:20 split train=8522 validation=947 test=3925
2026-08-01T22:30:33 features=23630 extractor_trainable=0
2026-08-01T22:31:03 cached_train_view=1
2026-08-01T22:31:27 cached_train_view=2
2026-08-01T22:31:51 cached_train_view=3
2026-08-01T22:32:15 cached_train_view=4
2026-08-01T22:32:23 cached_validation
2026-08-01T22:32:26 candidate=adamw_wd0.1 epoch=1 train_accuracy=0.5080 validation_accuracy=0.6948
2026-08-01T22:32:32 candidate=adamw_wd0.1 epoch=5 train_accuracy=0.7139 validation_accuracy=0.7455
2026-08-01T22:32:40 candidate=adamw_wd0.1 epoch=10 train_accuracy=0.7554 validation_accuracy=0.7307
2026-08-01T22:32:48 candidate=adamw_wd0.1 epoch=15 train_accuracy=0.7850 validation_accuracy=0.7487
2026-08-01T22:32:56 candidate=adamw_wd0.1 epoch=20 train_accuracy=0.8079 validation_accuracy=0.7571
2026-08-01T22:33:03 candidate=adamw_wd0.1 epoch=25 train_accuracy=0.8247 validation_accuracy=0.7508
2026-08-01T22:33:11 candidate=adamw_wd0.1 epoch=30 train_accuracy=0.8368 validation_accuracy=0.7656
2026-08-01T22:33:19 candidate=adamw_wd0.1 epoch=35 train_accuracy=0.8507 validation_accuracy=0.7561
2026-08-01T22:33:27 candidate=adamw_wd0.1 epoch=40 train_accuracy=0.8641 validation_accuracy=0.7730
2026-08-01T22:33:35 candidate=adamw_wd0.1 epoch=45 train_accuracy=0.8743 validation_accuracy=0.7793
2026-08-01T22:33:43 candidate=adamw_wd0.1 epoch=50 train_accuracy=0.8787 validation_accuracy=0.7677
2026-08-01T22:33:51 candidate=adamw_wd0.1 epoch=55 train_accuracy=0.8830 validation_accuracy=0.7730
2026-08-01T22:33:59 candidate=adamw_wd0.1 epoch=60 train_accuracy=0.8845 validation_accuracy=0.7740
2026-08-01T22:34:01 candidate=adamw_wd0.5 epoch=1 train_accuracy=0.5192 validation_accuracy=0.6948
2026-08-01T22:34:07 candidate=adamw_wd0.5 epoch=5 train_accuracy=0.7137 validation_accuracy=0.7244
2026-08-01T22:34:15 candidate=adamw_wd0.5 epoch=10 train_accuracy=0.7529 validation_accuracy=0.7339
2026-08-01T22:34:23 candidate=adamw_wd0.5 epoch=15 train_accuracy=0.7846 validation_accuracy=0.7656
2026-08-01T22:34:31 candidate=adamw_wd0.5 epoch=20 train_accuracy=0.8015 validation_accuracy=0.7487
2026-08-01T22:34:39 candidate=adamw_wd0.5 epoch=25 train_accuracy=0.8179 validation_accuracy=0.7540
2026-08-01T22:34:47 candidate=adamw_wd0.5 epoch=30 train_accuracy=0.8319 validation_accuracy=0.7571
2026-08-01T22:34:55 candidate=adamw_wd0.5 epoch=35 train_accuracy=0.8464 validation_accuracy=0.7740
2026-08-01T22:35:02 candidate=adamw_wd0.5 epoch=40 train_accuracy=0.8578 validation_accuracy=0.7782
2026-08-01T22:35:11 candidate=adamw_wd0.5 epoch=45 train_accuracy=0.8669 validation_accuracy=0.7614
2026-08-01T22:35:18 candidate=adamw_wd0.5 epoch=50 train_accuracy=0.8718 validation_accuracy=0.7772
2026-08-01T22:35:26 candidate=adamw_wd0.5 epoch=55 train_accuracy=0.8775 validation_accuracy=0.7793
2026-08-01T22:35:34 candidate=adamw_wd0.5 epoch=60 train_accuracy=0.8784 validation_accuracy=0.7793
2026-08-01T22:35:36 candidate=adamw_wd1 epoch=1 train_accuracy=0.5137 validation_accuracy=0.7012
2026-08-01T22:35:42 candidate=adamw_wd1 epoch=5 train_accuracy=0.7123 validation_accuracy=0.7476
2026-08-01T22:35:50 candidate=adamw_wd1 epoch=10 train_accuracy=0.7521 validation_accuracy=0.7603
2026-08-01T22:35:58 candidate=adamw_wd1 epoch=15 train_accuracy=0.7760 validation_accuracy=0.7445
2026-08-01T22:36:06 candidate=adamw_wd1 epoch=20 train_accuracy=0.7982 validation_accuracy=0.7603
2026-08-01T22:36:14 candidate=adamw_wd1 epoch=25 train_accuracy=0.8103 validation_accuracy=0.7635
2026-08-01T22:36:22 candidate=adamw_wd1 epoch=30 train_accuracy=0.8253 validation_accuracy=0.7635
2026-08-01T22:36:30 candidate=adamw_wd1 epoch=35 train_accuracy=0.8345 validation_accuracy=0.7666
2026-08-01T22:36:38 candidate=adamw_wd1 epoch=40 train_accuracy=0.8458 validation_accuracy=0.7793
2026-08-01T22:36:46 candidate=adamw_wd1 epoch=45 train_accuracy=0.8591 validation_accuracy=0.7740
2026-08-01T22:36:54 candidate=adamw_wd1 epoch=50 train_accuracy=0.8651 validation_accuracy=0.7687
2026-08-01T22:37:02 candidate=adamw_wd1 epoch=55 train_accuracy=0.8700 validation_accuracy=0.7761
2026-08-01T22:37:10 candidate=adamw_wd1 epoch=60 train_accuracy=0.8710 validation_accuracy=0.7772
2026-08-01T22:37:12 candidate=adamw_wd2 epoch=1 train_accuracy=0.5101 validation_accuracy=0.6790
2026-08-01T22:37:18 candidate=adamw_wd2 epoch=5 train_accuracy=0.7061 validation_accuracy=0.7455
2026-08-01T22:37:26 candidate=adamw_wd2 epoch=10 train_accuracy=0.7381 validation_accuracy=0.7540
2026-08-01T22:37:34 candidate=adamw_wd2 epoch=15 train_accuracy=0.7655 validation_accuracy=0.7635
2026-08-01T22:37:42 candidate=adamw_wd2 epoch=20 train_accuracy=0.7876 validation_accuracy=0.7624
2026-08-01T22:37:50 candidate=adamw_wd2 epoch=25 train_accuracy=0.7979 validation_accuracy=0.7540
2026-08-01T22:37:58 candidate=adamw_wd2 epoch=30 train_accuracy=0.8132 validation_accuracy=0.7719
2026-08-01T22:38:06 candidate=adamw_wd2 epoch=35 train_accuracy=0.8235 validation_accuracy=0.7698
2026-08-01T22:38:14 candidate=adamw_wd2 epoch=40 train_accuracy=0.8323 validation_accuracy=0.7782
2026-08-01T22:38:22 candidate=adamw_wd2 epoch=45 train_accuracy=0.8408 validation_accuracy=0.7730
2026-08-01T22:38:30 candidate=adamw_wd2 epoch=50 train_accuracy=0.8489 validation_accuracy=0.7772
2026-08-01T22:38:38 candidate=adamw_wd2 epoch=55 train_accuracy=0.8529 validation_accuracy=0.7740
2026-08-01T22:38:46 candidate=adamw_wd2 epoch=60 train_accuracy=0.8560 validation_accuracy=0.7772
2026-08-01T22:39:12 finished best_candidate=adamw_wd0.1 validation_accuracy=0.7793030738830566 test_single_accuracy=0.7617834210395813 test_tta_accuracy=0.7852229475975037
