2026-08-01T20:19:27 extractor_features=32988 trainable=0
2026-08-01T20:21:01 extractor_features=32988 trainable=0
2026-08-01T20:22:10 cached_train_view=1
2026-08-01T20:23:13 cached_train_view=2
2026-08-01T20:24:16 cached_train_view=3
2026-08-01T20:25:19 cached_train_view=4
2026-08-01T20:25:34 cached_validation
2026-08-01T20:26:36 cached_test_and_flip
2026-08-01T20:26:38 candidate=wd0.1 epoch=1 train=0.4984 val=0.7022
2026-08-01T20:26:46 candidate=wd0.1 epoch=5 train=0.7293 val=0.7561
2026-08-01T20:26:55 candidate=wd0.1 epoch=10 train=0.7843 val=0.7445
2026-08-01T20:27:04 candidate=wd0.1 epoch=15 train=0.8288 val=0.7561
2026-08-01T20:27:14 candidate=wd0.1 epoch=20 train=0.8510 val=0.7751
2026-08-01T20:27:23 candidate=wd0.1 epoch=25 train=0.8733 val=0.7497
2026-08-01T20:27:31 candidate=wd0.1 epoch=30 train=0.8950 val=0.7814
2026-08-01T20:27:41 candidate=wd0.1 epoch=35 train=0.9065 val=0.7804
2026-08-01T20:27:50 candidate=wd0.1 epoch=40 train=0.9233 val=0.7814
2026-08-01T20:27:59 candidate=wd0.1 epoch=45 train=0.9324 val=0.7709
2026-08-01T20:28:08 candidate=wd0.1 epoch=50 train=0.9429 val=0.7772
2026-08-01T20:28:17 candidate=wd0.1 epoch=55 train=0.9494 val=0.7814
2026-08-01T20:28:26 candidate=wd0.1 epoch=60 train=0.9513 val=0.7835
2026-08-01T20:28:36 candidate=wd0.1 epoch=65 train=0.9555 val=0.7867
2026-08-01T20:28:45 candidate=wd0.1 epoch=70 train=0.9559 val=0.7867
2026-08-01T20:28:45 candidate_finished=wd0.1 best_val=0.7867
2026-08-01T20:28:47 candidate=wd0.5 epoch=1 train=0.5073 val=0.7286
2026-08-01T20:28:54 candidate=wd0.5 epoch=5 train=0.7332 val=0.7497
2026-08-01T20:29:04 candidate=wd0.5 epoch=10 train=0.7852 val=0.7466
2026-08-01T20:29:13 candidate=wd0.5 epoch=15 train=0.8135 val=0.7666
2026-08-01T20:29:23 candidate=wd0.5 epoch=20 train=0.8426 val=0.7772
2026-08-01T20:29:33 candidate=wd0.5 epoch=25 train=0.8633 val=0.7814
2026-08-01T20:29:42 candidate=wd0.5 epoch=30 train=0.8810 val=0.7561
2026-08-01T20:29:52 candidate=wd0.5 epoch=35 train=0.8974 val=0.7761
2026-08-01T20:30:02 candidate=wd0.5 epoch=40 train=0.9118 val=0.7867
2026-08-01T20:30:12 candidate=wd0.5 epoch=45 train=0.9225 val=0.7878
2026-08-01T20:30:21 candidate=wd0.5 epoch=50 train=0.9330 val=0.7941
2026-08-01T20:30:32 candidate=wd0.5 epoch=55 train=0.9384 val=0.7878
2026-08-01T20:30:42 candidate=wd0.5 epoch=60 train=0.9435 val=0.7899
2026-08-01T20:30:53 candidate=wd0.5 epoch=65 train=0.9458 val=0.7835
2026-08-01T20:31:04 candidate=wd0.5 epoch=70 train=0.9495 val=0.7856
2026-08-01T20:31:04 candidate_finished=wd0.5 best_val=0.7941
2026-08-01T20:31:06 candidate=wd1.0 epoch=1 train=0.5049 val=0.6843
2026-08-01T20:31:14 candidate=wd1.0 epoch=5 train=0.7287 val=0.7455
2026-08-01T20:31:24 candidate=wd1.0 epoch=10 train=0.7735 val=0.7466
2026-08-01T20:31:35 candidate=wd1.0 epoch=15 train=0.8068 val=0.7603
2026-08-01T20:31:45 candidate=wd1.0 epoch=20 train=0.8284 val=0.7635
2026-08-01T20:31:55 candidate=wd1.0 epoch=25 train=0.8463 val=0.7677
2026-08-01T20:32:05 candidate=wd1.0 epoch=30 train=0.8654 val=0.7825
2026-08-01T20:32:16 candidate=wd1.0 epoch=35 train=0.8810 val=0.7856
2026-08-01T20:32:26 candidate=wd1.0 epoch=40 train=0.8940 val=0.7740
2026-08-01T20:32:36 candidate=wd1.0 epoch=45 train=0.9067 val=0.7793
2026-08-01T20:32:47 candidate=wd1.0 epoch=50 train=0.9148 val=0.7761
2026-08-01T20:32:57 candidate=wd1.0 epoch=55 train=0.9243 val=0.7867
2026-08-01T20:33:07 candidate=wd1.0 epoch=60 train=0.9287 val=0.7888
2026-08-01T20:33:17 candidate=wd1.0 epoch=65 train=0.9358 val=0.7878
2026-08-01T20:33:27 candidate=wd1.0 epoch=70 train=0.9364 val=0.7888
2026-08-01T20:33:27 candidate_finished=wd1.0 best_val=0.7888
2026-08-01T20:33:29 candidate=wd2.0 epoch=1 train=0.5117 val=0.7012
2026-08-01T20:33:38 candidate=wd2.0 epoch=5 train=0.7136 val=0.7540
2026-08-01T20:33:49 candidate=wd2.0 epoch=10 train=0.7704 val=0.7582
2026-08-01T20:34:00 candidate=wd2.0 epoch=15 train=0.7809 val=0.7677
2026-08-01T20:34:11 candidate=wd2.0 epoch=20 train=0.8103 val=0.7624
2026-08-01T20:34:22 candidate=wd2.0 epoch=25 train=0.8255 val=0.7677
2026-08-01T20:34:33 candidate=wd2.0 epoch=30 train=0.8406 val=0.7909
2026-08-01T20:34:44 candidate=wd2.0 epoch=35 train=0.8518 val=0.7867
2026-08-01T20:34:55 candidate=wd2.0 epoch=40 train=0.8719 val=0.7782
2026-08-01T20:35:06 candidate=wd2.0 epoch=45 train=0.8824 val=0.7867
2026-08-01T20:35:17 candidate=wd2.0 epoch=50 train=0.8903 val=0.7867
2026-08-01T20:35:27 candidate=wd2.0 epoch=55 train=0.8992 val=0.7856
2026-08-01T20:35:37 candidate=wd2.0 epoch=60 train=0.9069 val=0.7962
2026-08-01T20:35:46 candidate=wd2.0 epoch=65 train=0.9118 val=0.7920
2026-08-01T20:35:56 candidate=wd2.0 epoch=70 train=0.9118 val=0.7888
2026-08-01T20:35:56 candidate_finished=wd2.0 best_val=0.7962
2026-08-01T20:35:57 finished best_candidate=wd2.0 best_val=0.7962 test_single=0.7829 test_flip=0.7936
